// Jest Snapshot v1, https://goo.gl/fbAQLP

exports[`NeonMenu renders menu 1`] = `
<nav class="neon-menu__wrapper">
  <ul class="neon-menu--brand neon-menu--l neon-menu no-style" role="menubar">
    <li class="neon-menu__item">
      <!--v-if--><a href="/test" class="neon-link--no-style neon-link--active neon-link--outline-none neon-link neon-link--router-link" tabindex="0" role="menuitem"><span class="neon-link__label"><!-- @slot the content of the link --><!--v-if--><span class="neon-menu__item-label">Action Menu</span></span></a>
    </li>
    <li class="neon-menu__item">
      <!--v-if--><a href="/test" class="neon-link--no-style neon-link--active neon-link--outline-none neon-link neon-link--router-link" tabindex="0" role="menuitem"><span class="neon-link__label"><!-- @slot the content of the link --><!--v-if--><span class="neon-menu__item-label">Link</span></span></a>
    </li>
    <li class="neon-menu__item">
      <!--v-if--><a href="/test" class="neon-link--no-style neon-link--active neon-link--outline-none neon-link neon-link--router-link" tabindex="0" role="menuitem"><span class="neon-link__label"><!-- @slot the content of the link --><!--v-if--><span class="neon-menu__item-label">Menu</span></span></a>
    </li>
    <li class="neon-menu__item">
      <!--v-if--><a class="neon-link--no-style neon-link--outline-none neon-link" tabindex="0" role="menuitem"><span class="neon-link__label"><!-- @slot the content of the link --><div class="neon-icon--neutral neon-icon neon-menu__item-icon neon-menu__item-icon"><svg xmlns="http://www.w3.org/2000/svg" width="100%" height="100%" viewBox="0 0 512 512">
    <circle class="neon-svg--stroke" cx="256" cy="256" r="208" style="fill:none;stroke-linejoin:round;stroke-width:32px"></circle>
    <path class="neon-svg--fill" d="M256,464C141.12,464,48,370.88,48,256S141.12,48,256,48Z"></path>
</svg>
</div><span class="neon-menu__item-label">Click link</span></span></a>
    </li>
    <li class="neon-menu__item--disabled neon-menu__item">
      <!--v-if--><a class="neon-link--no-style neon-link--outline-none neon-link" tabindex="-1" role="menuitem"><span class="neon-link__label"><!-- @slot the content of the link --><!--v-if--><span class="neon-menu__item-label">Disabled</span></span></a>
    </li>
    <li class="neon-menu__item">
      <div class="neon-dropdown--with-indicator neon-dropdown--open-on-hover neon-dropdown--l neon-dropdown--brand neon-dropdown neon-dropdown-menu--brand neon-dropdown-menu">
        <div>
          <!-- @slot optionally replace the dropdown button with a custom control -->
          <div class="neon-dropdown__button-wrapper"><button class="neon-button--l neon-button--brand neon-button--text neon-button--state-ready neon-button neon-dropdown__button neon-dropdown__button" aria-expanded="false" aria-haspopup="true">
              <!--v-if--><span class="neon-button__label">Tree Menu</span>
              <div class="neon-expansion-indicator neon-expansion-indicator--brand neon-button__indicator" role="presentation"><svg width="16" height="16" viewbox="0 0 16 16" xmlns="http://www.w3.org/2000/svg" preserveAspectRatio="xMidYMid">
                  <g class="neon-expansion-indicator__container">
                    <line class="neon-svg--stroke neon-expansion-indicator__line1" x1="2" y1="8" x2="8" y2="8"></line>
                    <line class="neon-svg--stroke neon-expansion-indicator__line2" x1="14" y1="8" x2="8" y2="8"></line>
                  </g>
                </svg></div>
            </button></div>
        </div>
        <div class="neon-dropdown__click-blocker"></div>
        <div class="neon-dropdown__content--bottom-left neon-dropdown__content">
          <!-- @slot The content of the open dropdown -->
          <ul class="no-style neon-dropdown-menu__items" role="menu">
            <li class="neon-dropdown-menu__item--l neon-dropdown-menu__item"><a href="/test" class="neon-link--no-style neon-link--active neon-link--outline-none neon-link neon-link--router-link" tabindex="0" role="menuitem"><span class="neon-link__label"><!-- @slot the content of the link --><!--v-if--><span class="neon-dropdown-menu__item-label">Description</span></span></a></li>
            <li class="neon-dropdown-menu__item--l neon-dropdown-menu__item"><a href="/test" class="neon-link--no-style neon-link--active neon-link--outline-none neon-link neon-link--router-link" tabindex="0" role="menuitem"><span class="neon-link__label"><!-- @slot the content of the link --><!--v-if--><span class="neon-dropdown-menu__item-label">API</span></span></a></li>
            <li class="neon-dropdown-menu__item--l neon-dropdown-menu__item"><a href="/test" class="neon-link--no-style neon-link--active neon-link--outline-none neon-link neon-link--router-link" tabindex="0" role="menuitem"><span class="neon-link__label"><!-- @slot the content of the link --><!--v-if--><span class="neon-dropdown-menu__item-label">Examples</span></span></a></li>
          </ul>
        </div>
      </div><a href="/test" class="neon-link--no-style neon-link--active neon-link--outline-none neon-link neon-link--router-link" tabindex="0" role="menuitem"><span class="neon-link__label"><!-- @slot the content of the link --><!--v-if--><span class="neon-menu__item-label">Tree Menu</span></span></a>
    </li>
  </ul>
  <div class="neon-dropdown--open-on-hover neon-dropdown--icon-only neon-dropdown--l neon-dropdown--brand neon-dropdown neon-dropdown-menu--brand neon-dropdown-menu neon-menu__responsive-menu--hidden neon-menu__responsive-menu neon-menu__responsive-menu--hidden neon-menu__responsive-menu">
    <div>
      <!-- @slot optionally replace the dropdown button with a custom control -->
      <div class="neon-dropdown__button-wrapper"><button class="neon-button--l neon-button--brand neon-button--text neon-button--state-ready neon-button--with-icon neon-button--icon-only neon-button neon-dropdown__button neon-dropdown__button" aria-expanded="false" aria-haspopup="true">
          <div class="neon-icon--brand neon-icon"><svg xmlns="http://www.w3.org/2000/svg" viewBox="0 0 16 16" width="100%" height="100%">
              <path class="neon-svg--fill" d="M8 9a1.5 1.5 0 100-3 1.5 1.5 0 000 3zM1.5 9a1.5 1.5 0 100-3 1.5 1.5 0 000 3zm13 0a1.5 1.5 0 100-3 1.5 1.5 0 000 3z"></path>
            </svg>
          </div>
          <!--v-if-->
          <!--v-if-->
        </button></div>
    </div>
    <div class="neon-dropdown__click-blocker"></div>
    <div class="neon-dropdown__content--bottom-right neon-dropdown__content">
      <!-- @slot The content of the open dropdown -->
      <ul class="no-style neon-dropdown-menu__items" role="menu"></ul>
    </div>
  </div>
</nav>
`;
