// Jest Snapshot v1, https://goo.gl/fbAQLP

exports[`NeonPageSection renders NeonPageSection 1`] = `
<section class="neon-page-section">
  <h2 class="neon-h3 neon-page-section__title">Title</h2>
  <div class="neon-page-section__content">
    <!-- @slot the content to render in the page section -->
    <p>Content</p>
  </div>
  <hr>
</section>
`;
