// Jest Snapshot v1, https://goo.gl/fbAQLP

exports[`NeonTreeMenu matches snapshot 1`] = `
<nav class="neon-tree-menu">
  <ul class="no-style">
    <li class="neon-tree-menu__section"><a tabindex="-1" class="neon-link neon-tree-menu__section-link neon-link--no-style neon-link--outline-none"><span class="neon-link__label"><span tabindex="0" role="link" class="neon-tree-menu__section-link-label neon-tree-menu__section-link-label--outline-text">Feedback</span></span></a>
      <ul class="no-style neon-tree-menu__links">
        <li class="neon-tree-menu__link-item"><a tabindex="-1" class="neon-link neon-link--router-link neon-tree-menu__link neon-link--no-style neon-link--outline-none"><span class="neon-link__label"><span tabindex="0" role="link" class="neon-tree-menu__link-label neon-tree-menu__link-label--outline-text">Alert</span></span></a>
          <ul class="no-style neon-tree-menu__anchors">
            <li><a tabindex="-1" class="neon-link neon-link--router-link neon-link--no-style neon-tree-menu__anchor neon-link--outline-none"><span class="neon-link__label"><span tabindex="0" role="link" class="neon-tree-menu__anchor-label neon-tree-menu__anchor-label--outline-text">Description</span></span></a></li>
            <li><a tabindex="-1" class="neon-link neon-link--router-link neon-link--no-style neon-tree-menu__anchor neon-link--outline-none"><span class="neon-link__label"><span tabindex="0" role="link" class="neon-tree-menu__anchor-label neon-tree-menu__anchor-label--outline-text">API</span></span></a></li>
            <li><a tabindex="-1" class="neon-link neon-link--router-link neon-link--no-style neon-tree-menu__anchor neon-link--outline-none"><span class="neon-link__label"><span tabindex="0" role="link" class="neon-tree-menu__anchor-label neon-tree-menu__anchor-label--outline-text">Examples</span></span></a></li>
          </ul>
        </li>
        <li class="neon-tree-menu__link-item"><a tabindex="-1" class="neon-link neon-link--router-link neon-tree-menu__link neon-link--no-style neon-link--outline-none"><span class="neon-link__label"><span tabindex="0" role="link" class="neon-tree-menu__link-label neon-tree-menu__link-label--outline-text">Note</span></span></a>
          <ul class="no-style neon-tree-menu__anchors">
            <li><a tabindex="-1" class="neon-link neon-link--router-link neon-link--no-style neon-tree-menu__anchor neon-link--outline-none"><span class="neon-link__label"><span tabindex="0" role="link" class="neon-tree-menu__anchor-label neon-tree-menu__anchor-label--outline-text">Description</span></span></a></li>
            <li><a tabindex="-1" class="neon-link neon-link--router-link neon-link--no-style neon-tree-menu__anchor neon-link--outline-none"><span class="neon-link__label"><span tabindex="0" role="link" class="neon-tree-menu__anchor-label neon-tree-menu__anchor-label--outline-text">API</span></span></a></li>
            <li><a tabindex="-1" class="neon-link neon-link--router-link neon-link--no-style neon-tree-menu__anchor neon-link--outline-none"><span class="neon-link__label"><span tabindex="0" role="link" class="neon-tree-menu__anchor-label neon-tree-menu__anchor-label--outline-text">Examples</span></span></a></li>
          </ul>
        </li>
        <li class="neon-tree-menu__link-item"><a tabindex="-1" class="neon-link neon-link--router-link neon-tree-menu__link neon-link--no-style neon-link--outline-none"><span class="neon-link__label"><span tabindex="0" role="link" class="neon-tree-menu__link-label neon-tree-menu__link-label--outline-text">Notification Counter</span></span></a>
          <ul class="no-style neon-tree-menu__anchors">
            <li><a tabindex="-1" class="neon-link neon-link--router-link neon-link--no-style neon-tree-menu__anchor neon-link--outline-none"><span class="neon-link__label"><span tabindex="0" role="link" class="neon-tree-menu__anchor-label neon-tree-menu__anchor-label--outline-text">Description</span></span></a></li>
            <li><a tabindex="-1" class="neon-link neon-link--router-link neon-link--no-style neon-tree-menu__anchor neon-link--outline-none"><span class="neon-link__label"><span tabindex="0" role="link" class="neon-tree-menu__anchor-label neon-tree-menu__anchor-label--outline-text">API</span></span></a></li>
            <li><a tabindex="-1" class="neon-link neon-link--router-link neon-link--no-style neon-tree-menu__anchor neon-link--outline-none"><span class="neon-link__label"><span tabindex="0" role="link" class="neon-tree-menu__anchor-label neon-tree-menu__anchor-label--outline-text">Examples</span></span></a></li>
          </ul>
        </li>
      </ul>
    </li>
    <li class="neon-tree-menu__section neon-tree-menu__section--expanded"><a tabindex="-1" class="neon-link neon-tree-menu__section-link neon-link--no-style neon-link--outline-none"><span class="neon-link__label"><span tabindex="0" role="link" class="neon-tree-menu__section-link-label neon-tree-menu__section-link-label--outline-text">Navigation</span></span></a>
      <ul class="no-style neon-tree-menu__links">
        <li class="neon-tree-menu__link-item"><a tabindex="-1" class="neon-link neon-link--router-link neon-tree-menu__link neon-link--no-style neon-link--outline-none"><span class="neon-link__label"><span tabindex="0" role="link" class="neon-tree-menu__link-label neon-tree-menu__link-label--outline-text">Action Menu</span></span></a>
          <ul class="no-style neon-tree-menu__anchors">
            <li><a tabindex="-1" class="neon-link neon-link--router-link neon-link--no-style neon-tree-menu__anchor neon-link--outline-none"><span class="neon-link__label"><span tabindex="0" role="link" class="neon-tree-menu__anchor-label neon-tree-menu__anchor-label--outline-text">Description</span></span></a></li>
            <li><a tabindex="-1" class="neon-link neon-link--router-link neon-link--no-style neon-tree-menu__anchor neon-link--outline-none"><span class="neon-link__label"><span tabindex="0" role="link" class="neon-tree-menu__anchor-label neon-tree-menu__anchor-label--outline-text">API</span></span></a></li>
            <li><a tabindex="-1" class="neon-link neon-link--router-link neon-link--no-style neon-tree-menu__anchor neon-link--outline-none"><span class="neon-link__label"><span tabindex="0" role="link" class="neon-tree-menu__anchor-label neon-tree-menu__anchor-label--outline-text">Examples</span></span></a></li>
          </ul>
        </li>
        <li class="neon-tree-menu__link-item"><a tabindex="-1" class="neon-link neon-link--router-link neon-tree-menu__link neon-link--no-style neon-link--outline-none"><span class="neon-link__label"><span tabindex="0" role="link" class="neon-tree-menu__link-label neon-tree-menu__link-label--outline-text">Dropdown Menu</span></span></a>
          <ul class="no-style neon-tree-menu__anchors">
            <li><a tabindex="-1" class="neon-link neon-link--router-link neon-link--no-style neon-tree-menu__anchor neon-link--outline-none"><span class="neon-link__label"><span tabindex="0" role="link" class="neon-tree-menu__anchor-label neon-tree-menu__anchor-label--outline-text">Description</span></span></a></li>
            <li><a tabindex="-1" class="neon-link neon-link--router-link neon-link--no-style neon-tree-menu__anchor neon-link--outline-none"><span class="neon-link__label"><span tabindex="0" role="link" class="neon-tree-menu__anchor-label neon-tree-menu__anchor-label--outline-text">API</span></span></a></li>
            <li><a tabindex="-1" class="neon-link neon-link--router-link neon-link--no-style neon-tree-menu__anchor neon-link--outline-none"><span class="neon-link__label"><span tabindex="0" role="link" class="neon-tree-menu__anchor-label neon-tree-menu__anchor-label--outline-text">Examples</span></span></a></li>
          </ul>
        </li>
        <li class="neon-tree-menu__link-item"><a tabindex="-1" class="neon-link neon-link--router-link neon-tree-menu__link neon-link--no-style neon-link--outline-none"><span class="neon-link__label"><span tabindex="0" role="link" class="neon-tree-menu__link-label neon-tree-menu__link-label--outline-text">Link</span></span></a>
          <ul class="no-style neon-tree-menu__anchors">
            <li><a tabindex="-1" class="neon-link neon-link--router-link neon-link--no-style neon-tree-menu__anchor neon-link--outline-none"><span class="neon-link__label"><span tabindex="0" role="link" class="neon-tree-menu__anchor-label neon-tree-menu__anchor-label--outline-text">Description</span></span></a></li>
            <li><a tabindex="-1" class="neon-link neon-link--router-link neon-link--no-style neon-tree-menu__anchor neon-link--outline-none"><span class="neon-link__label"><span tabindex="0" role="link" class="neon-tree-menu__anchor-label neon-tree-menu__anchor-label--outline-text">API</span></span></a></li>
            <li><a tabindex="-1" class="neon-link neon-link--router-link neon-link--no-style neon-tree-menu__anchor neon-link--outline-none"><span class="neon-link__label"><span tabindex="0" role="link" class="neon-tree-menu__anchor-label neon-tree-menu__anchor-label--outline-text">Examples</span></span></a></li>
          </ul>
        </li>
        <li class="neon-tree-menu__link-item"><a tabindex="-1" class="neon-link neon-link--router-link neon-tree-menu__link neon-link--no-style neon-link--outline-none"><span class="neon-link__label"><span tabindex="0" role="link" class="neon-tree-menu__link-label neon-tree-menu__link-label--outline-text">Tree Menu</span></span></a>
          <ul class="no-style neon-tree-menu__anchors">
            <li><a tabindex="-1" class="neon-link neon-link--router-link neon-link--no-style neon-tree-menu__anchor neon-link--outline-none"><span class="neon-link__label"><span tabindex="0" role="link" class="neon-tree-menu__anchor-label neon-tree-menu__anchor-label--outline-text">Description</span></span></a></li>
            <li><a tabindex="-1" class="neon-link neon-link--router-link neon-link--no-style neon-tree-menu__anchor neon-link--outline-none"><span class="neon-link__label"><span tabindex="0" role="link" class="neon-tree-menu__anchor-label neon-tree-menu__anchor-label--outline-text">API</span></span></a></li>
            <li><a tabindex="-1" class="neon-link neon-link--router-link neon-link--no-style neon-tree-menu__anchor neon-link--outline-none"><span class="neon-link__label"><span tabindex="0" role="link" class="neon-tree-menu__anchor-label neon-tree-menu__anchor-label--outline-text">Examples</span></span></a></li>
          </ul>
        </li>
      </ul>
    </li>
  </ul>
</nav>
`;
