// Jest Snapshot v1, https://goo.gl/fbAQLP

exports[`NeonTreeMenu matches snapshot 1`] = `
<nav class="neon-tree-menu">
  <ul class="no-style">
    <li class="neon-tree-menu__section"><a class="neon-link--no-style neon-link--outline-none neon-link neon-tree-menu__section-link neon-tree-menu__section-link" tabindex="-1"><span class="neon-link__label"><!-- @slot the content of the link --><span class="neon-tree-menu__section-link-label neon-tree-menu__section-link-label--outline-text" role="link" tabindex="0">Feedback</span></span></a>
      <ul class="no-style neon-tree-menu__links">
        <li class="neon-tree-menu__link-item"><a href="/test" class="neon-link--no-style neon-link--active neon-link--outline-none neon-link neon-link--router-link neon-tree-menu__link neon-tree-menu__link" data-testid="link" tabindex="-1"><span class="neon-link__label"><!-- @slot the content of the link --><span class="neon-tree-menu__link-label neon-tree-menu__link-label--outline-text" role="link" tabindex="0">Alert</span></span></a>
          <ul class="no-style neon-tree-menu__anchors">
            <li><a href="/test#description" class="neon-link--active neon-link--outline-none neon-link neon-link--router-link neon-link--no-style neon-tree-menu__anchor neon-link--no-style neon-tree-menu__anchor" data-testid="link" tabindex="-1"><span class="neon-link__label"><!-- @slot the content of the link --><span class="neon-tree-menu__anchor-label neon-tree-menu__anchor-label--outline-text" role="link" tabindex="0">Description</span></span></a></li>
            <li><a href="/test#api" class="neon-link--active neon-link--outline-none neon-link neon-link--router-link neon-link--no-style neon-tree-menu__anchor neon-link--no-style neon-tree-menu__anchor" data-testid="link" tabindex="-1"><span class="neon-link__label"><!-- @slot the content of the link --><span class="neon-tree-menu__anchor-label neon-tree-menu__anchor-label--outline-text" role="link" tabindex="0">API</span></span></a></li>
            <li><a href="/test#examples" class="neon-link--active neon-link--outline-none neon-link neon-link--router-link neon-link--no-style neon-tree-menu__anchor neon-link--no-style neon-tree-menu__anchor" data-testid="link" tabindex="-1"><span class="neon-link__label"><!-- @slot the content of the link --><span class="neon-tree-menu__anchor-label neon-tree-menu__anchor-label--outline-text" role="link" tabindex="0">Examples</span></span></a></li>
          </ul>
        </li>
        <li class="neon-tree-menu__link-item"><a href="/test" class="neon-link--no-style neon-link--active neon-link--outline-none neon-link neon-link--router-link neon-tree-menu__link neon-tree-menu__link" data-testid="link" tabindex="-1"><span class="neon-link__label"><!-- @slot the content of the link --><span class="neon-tree-menu__link-label neon-tree-menu__link-label--outline-text" role="link" tabindex="0">Note</span></span></a>
          <ul class="no-style neon-tree-menu__anchors">
            <li><a href="/test#description" class="neon-link--active neon-link--outline-none neon-link neon-link--router-link neon-link--no-style neon-tree-menu__anchor neon-link--no-style neon-tree-menu__anchor" data-testid="link" tabindex="-1"><span class="neon-link__label"><!-- @slot the content of the link --><span class="neon-tree-menu__anchor-label neon-tree-menu__anchor-label--outline-text" role="link" tabindex="0">Description</span></span></a></li>
            <li><a href="/test#api" class="neon-link--active neon-link--outline-none neon-link neon-link--router-link neon-link--no-style neon-tree-menu__anchor neon-link--no-style neon-tree-menu__anchor" data-testid="link" tabindex="-1"><span class="neon-link__label"><!-- @slot the content of the link --><span class="neon-tree-menu__anchor-label neon-tree-menu__anchor-label--outline-text" role="link" tabindex="0">API</span></span></a></li>
            <li><a href="/test#examples" class="neon-link--active neon-link--outline-none neon-link neon-link--router-link neon-link--no-style neon-tree-menu__anchor neon-link--no-style neon-tree-menu__anchor" data-testid="link" tabindex="-1"><span class="neon-link__label"><!-- @slot the content of the link --><span class="neon-tree-menu__anchor-label neon-tree-menu__anchor-label--outline-text" role="link" tabindex="0">Examples</span></span></a></li>
          </ul>
        </li>
        <li class="neon-tree-menu__link-item"><a href="/test" class="neon-link--no-style neon-link--active neon-link--outline-none neon-link neon-link--router-link neon-tree-menu__link neon-tree-menu__link" data-testid="link" tabindex="-1"><span class="neon-link__label"><!-- @slot the content of the link --><span class="neon-tree-menu__link-label neon-tree-menu__link-label--outline-text" role="link" tabindex="0">Notification Counter</span></span></a>
          <ul class="no-style neon-tree-menu__anchors">
            <li><a href="/test#description" class="neon-link--active neon-link--outline-none neon-link neon-link--router-link neon-link--no-style neon-tree-menu__anchor neon-link--no-style neon-tree-menu__anchor" data-testid="link" tabindex="-1"><span class="neon-link__label"><!-- @slot the content of the link --><span class="neon-tree-menu__anchor-label neon-tree-menu__anchor-label--outline-text" role="link" tabindex="0">Description</span></span></a></li>
            <li><a href="/test#api" class="neon-link--active neon-link--outline-none neon-link neon-link--router-link neon-link--no-style neon-tree-menu__anchor neon-link--no-style neon-tree-menu__anchor" data-testid="link" tabindex="-1"><span class="neon-link__label"><!-- @slot the content of the link --><span class="neon-tree-menu__anchor-label neon-tree-menu__anchor-label--outline-text" role="link" tabindex="0">API</span></span></a></li>
            <li><a href="/test#examples" class="neon-link--active neon-link--outline-none neon-link neon-link--router-link neon-link--no-style neon-tree-menu__anchor neon-link--no-style neon-tree-menu__anchor" data-testid="link" tabindex="-1"><span class="neon-link__label"><!-- @slot the content of the link --><span class="neon-tree-menu__anchor-label neon-tree-menu__anchor-label--outline-text" role="link" tabindex="0">Examples</span></span></a></li>
          </ul>
        </li>
      </ul>
    </li>
    <li class="neon-tree-menu__section--expanded neon-tree-menu__section"><a class="neon-link--no-style neon-link--outline-none neon-link neon-tree-menu__section-link neon-tree-menu__section-link" tabindex="-1"><span class="neon-link__label"><!-- @slot the content of the link --><span class="neon-tree-menu__section-link-label neon-tree-menu__section-link-label--outline-text" role="link" tabindex="0">Navigation</span></span></a>
      <ul class="no-style neon-tree-menu__links">
        <li class="neon-tree-menu__link-item"><a href="/test" class="neon-link--no-style neon-link--active neon-link--outline-none neon-link neon-link--router-link neon-tree-menu__link neon-tree-menu__link" data-testid="link" tabindex="-1"><span class="neon-link__label"><!-- @slot the content of the link --><span class="neon-tree-menu__link-label neon-tree-menu__link-label--outline-text" role="link" tabindex="0">Action Menu</span></span></a>
          <ul class="no-style neon-tree-menu__anchors">
            <li><a href="/test#description" class="neon-link--active neon-link--outline-none neon-link neon-link--router-link neon-link--no-style neon-tree-menu__anchor neon-link--no-style neon-tree-menu__anchor" data-testid="link" tabindex="-1"><span class="neon-link__label"><!-- @slot the content of the link --><span class="neon-tree-menu__anchor-label neon-tree-menu__anchor-label--outline-text" role="link" tabindex="0">Description</span></span></a></li>
            <li><a href="/test#api" class="neon-link--active neon-link--outline-none neon-link neon-link--router-link neon-link--no-style neon-tree-menu__anchor neon-link--no-style neon-tree-menu__anchor" data-testid="link" tabindex="-1"><span class="neon-link__label"><!-- @slot the content of the link --><span class="neon-tree-menu__anchor-label neon-tree-menu__anchor-label--outline-text" role="link" tabindex="0">API</span></span></a></li>
            <li><a href="/test#examples" class="neon-link--active neon-link--outline-none neon-link neon-link--router-link neon-link--no-style neon-tree-menu__anchor neon-link--no-style neon-tree-menu__anchor" data-testid="link" tabindex="-1"><span class="neon-link__label"><!-- @slot the content of the link --><span class="neon-tree-menu__anchor-label neon-tree-menu__anchor-label--outline-text" role="link" tabindex="0">Examples</span></span></a></li>
          </ul>
        </li>
        <li class="neon-tree-menu__link-item"><a href="/test" class="neon-link--no-style neon-link--active neon-link--outline-none neon-link neon-link--router-link neon-tree-menu__link neon-tree-menu__link" data-testid="link" tabindex="-1"><span class="neon-link__label"><!-- @slot the content of the link --><span class="neon-tree-menu__link-label neon-tree-menu__link-label--outline-text" role="link" tabindex="0">Dropdown Menu</span></span></a>
          <ul class="no-style neon-tree-menu__anchors">
            <li><a href="/test#description" class="neon-link--active neon-link--outline-none neon-link neon-link--router-link neon-link--no-style neon-tree-menu__anchor neon-link--no-style neon-tree-menu__anchor" data-testid="link" tabindex="-1"><span class="neon-link__label"><!-- @slot the content of the link --><span class="neon-tree-menu__anchor-label neon-tree-menu__anchor-label--outline-text" role="link" tabindex="0">Description</span></span></a></li>
            <li><a href="/test#api" class="neon-link--active neon-link--outline-none neon-link neon-link--router-link neon-link--no-style neon-tree-menu__anchor neon-link--no-style neon-tree-menu__anchor" data-testid="link" tabindex="-1"><span class="neon-link__label"><!-- @slot the content of the link --><span class="neon-tree-menu__anchor-label neon-tree-menu__anchor-label--outline-text" role="link" tabindex="0">API</span></span></a></li>
            <li><a href="/test#examples" class="neon-link--active neon-link--outline-none neon-link neon-link--router-link neon-link--no-style neon-tree-menu__anchor neon-link--no-style neon-tree-menu__anchor" data-testid="link" tabindex="-1"><span class="neon-link__label"><!-- @slot the content of the link --><span class="neon-tree-menu__anchor-label neon-tree-menu__anchor-label--outline-text" role="link" tabindex="0">Examples</span></span></a></li>
          </ul>
        </li>
        <li class="neon-tree-menu__link-item"><a href="/test" class="neon-link--no-style neon-link--active neon-link--outline-none neon-link neon-link--router-link neon-tree-menu__link neon-tree-menu__link" data-testid="link" tabindex="-1"><span class="neon-link__label"><!-- @slot the content of the link --><span class="neon-tree-menu__link-label neon-tree-menu__link-label--outline-text" role="link" tabindex="0">Link</span></span></a>
          <ul class="no-style neon-tree-menu__anchors">
            <li><a href="/test#description" class="neon-link--active neon-link--outline-none neon-link neon-link--router-link neon-link--no-style neon-tree-menu__anchor neon-link--no-style neon-tree-menu__anchor" data-testid="link" tabindex="-1"><span class="neon-link__label"><!-- @slot the content of the link --><span class="neon-tree-menu__anchor-label neon-tree-menu__anchor-label--outline-text" role="link" tabindex="0">Description</span></span></a></li>
            <li><a href="/test#api" class="neon-link--active neon-link--outline-none neon-link neon-link--router-link neon-link--no-style neon-tree-menu__anchor neon-link--no-style neon-tree-menu__anchor" data-testid="link" tabindex="-1"><span class="neon-link__label"><!-- @slot the content of the link --><span class="neon-tree-menu__anchor-label neon-tree-menu__anchor-label--outline-text" role="link" tabindex="0">API</span></span></a></li>
            <li><a href="/test#examples" class="neon-link--active neon-link--outline-none neon-link neon-link--router-link neon-link--no-style neon-tree-menu__anchor neon-link--no-style neon-tree-menu__anchor" data-testid="link" tabindex="-1"><span class="neon-link__label"><!-- @slot the content of the link --><span class="neon-tree-menu__anchor-label neon-tree-menu__anchor-label--outline-text" role="link" tabindex="0">Examples</span></span></a></li>
          </ul>
        </li>
        <li class="neon-tree-menu__link-item"><a href="/test" class="neon-link--no-style neon-link--active neon-link--outline-none neon-link neon-link--router-link neon-tree-menu__link neon-tree-menu__link" data-testid="link" tabindex="-1"><span class="neon-link__label"><!-- @slot the content of the link --><span class="neon-tree-menu__link-label neon-tree-menu__link-label--outline-text" role="link" tabindex="0">Tree Menu</span></span></a>
          <ul class="no-style neon-tree-menu__anchors">
            <li><a href="/test#description" class="neon-link--active neon-link--outline-none neon-link neon-link--router-link neon-link--no-style neon-tree-menu__anchor neon-link--no-style neon-tree-menu__anchor" data-testid="link" tabindex="-1"><span class="neon-link__label"><!-- @slot the content of the link --><span class="neon-tree-menu__anchor-label neon-tree-menu__anchor-label--outline-text" role="link" tabindex="0">Description</span></span></a></li>
            <li><a href="/test#api" class="neon-link--active neon-link--outline-none neon-link neon-link--router-link neon-link--no-style neon-tree-menu__anchor neon-link--no-style neon-tree-menu__anchor" data-testid="link" tabindex="-1"><span class="neon-link__label"><!-- @slot the content of the link --><span class="neon-tree-menu__anchor-label neon-tree-menu__anchor-label--outline-text" role="link" tabindex="0">API</span></span></a></li>
            <li><a href="/test#examples" class="neon-link--active neon-link--outline-none neon-link neon-link--router-link neon-link--no-style neon-tree-menu__anchor neon-link--no-style neon-tree-menu__anchor" data-testid="link" tabindex="-1"><span class="neon-link__label"><!-- @slot the content of the link --><span class="neon-tree-menu__anchor-label neon-tree-menu__anchor-label--outline-text" role="link" tabindex="0">Examples</span></span></a></li>
          </ul>
        </li>
      </ul>
    </li>
  </ul>
</nav>
`;
